------------------------------------------------------------
Timing Analyzer Summary
------------------------------------------------------------

Type  : Slow 1200mV 85C Model Setup 'i_clk'
Slack : -3.540
TNS   : -41.157

Type  : Slow 1200mV 85C Model Setup 'even_clk_div:clkdiv2|o_clk_reg'
Slack : -2.204
TNS   : -33.836

Type  : Slow 1200mV 85C Model Hold 'even_clk_div:clkdiv2|o_clk_reg'
Slack : 0.315
TNS   : 0.000

Type  : Slow 1200mV 85C Model Hold 'i_clk'
Slack : 0.371
TNS   : 0.000

Type  : Slow 1200mV 85C Model Minimum Pulse Width 'i_clk'
Slack : -3.000
TNS   : -35.994

Type  : Slow 1200mV 85C Model Minimum Pulse Width 'even_clk_div:clkdiv2|o_clk_reg'
Slack : -1.222
TNS   : -29.328

Type  : Slow 1200mV 0C Model Setup 'i_clk'
Slack : -3.132
TNS   : -34.975

Type  : Slow 1200mV 0C Model Setup 'even_clk_div:clkdiv2|o_clk_reg'
Slack : -1.907
TNS   : -29.087

Type  : Slow 1200mV 0C Model Hold 'even_clk_div:clkdiv2|o_clk_reg'
Slack : 0.285
TNS   : 0.000

Type  : Slow 1200mV 0C Model Hold 'i_clk'
Slack : 0.344
TNS   : 0.000

Type  : Slow 1200mV 0C Model Minimum Pulse Width 'i_clk'
Slack : -3.000
TNS   : -35.994

Type  : Slow 1200mV 0C Model Minimum Pulse Width 'even_clk_div:clkdiv2|o_clk_reg'
Slack : -1.222
TNS   : -29.328

Type  : Fast 1200mV 0C Model Setup 'i_clk'
Slack : -1.276
TNS   : -7.898

Type  : Fast 1200mV 0C Model Setup 'even_clk_div:clkdiv2|o_clk_reg'
Slack : -0.540
TNS   : -5.222

Type  : Fast 1200mV 0C Model Hold 'even_clk_div:clkdiv2|o_clk_reg'
Slack : 0.144
TNS   : 0.000

Type  : Fast 1200mV 0C Model Hold 'i_clk'
Slack : 0.169
TNS   : 0.000

Type  : Fast 1200mV 0C Model Minimum Pulse Width 'i_clk'
Slack : -3.000
TNS   : -30.930

Type  : Fast 1200mV 0C Model Minimum Pulse Width 'even_clk_div:clkdiv2|o_clk_reg'
Slack : -1.000
TNS   : -24.000

------------------------------------------------------------
